fecha:     2026-09-14T12:22:42-05:00
host:      Darwin Mac-mini.local 25.6.0 Darwin Kernel Version 25.6.0: Fri Jul 31 19:11:03 PDT 2026; root:xnu-12377.161.14~5/RELEASE_ARM64_T8132 arm64
cpu:       Apple M4
nucleos:   10
python:    Python 3.13.5
compilador: Apple clang version 21.0.0 (clang-2100.3.34.2)
variante:  B   ronda: 3
args:      --warmup 100000 --iters 1000000
---
ejecutable: python3 /Users/danny/Documents/2026/Diplomado Arquitectura de Software y Claud Computing/Modulo 1/Ejercicios/Reto-Latencia-Minima/harness/variante-B-tcp/server.py
[cliente B] tabla '/Users/danny/Documents/2026/Diplomado Arquitectura de Software y Claud Computing/Modulo 1/Ejercicios/Reto-Latencia-Minima/harness/tabla-hosts.csv': 16 hosts (10 locales, 6 externos) — dict, no barrido; ver docstring
[servidor B] tabla '/Users/danny/Documents/2026/Diplomado Arquitectura de Software y Claud Computing/Modulo 1/Ejercicios/Reto-Latencia-Minima/harness/tabla-hosts.csv': 16 hosts (10 locales, 6 externos) — dict, no barrido; ver docstring
[servidor B] escuchando en 127.0.0.1:9101, payload=32B
[servidor B] conexión de ('127.0.0.1', 55698)
[cliente B] autoprueba OK: 16 hosts de tabla + 1 desconocido
[cliente B] warmup 100,000 iteraciones…
[cliente B] midiendo 1,000,000 iteraciones…
[servidor B] conexión cerrada
[cliente B] 1,000,000 muestras -> /Users/danny/Documents/2026/Diplomado Arquitectura de Software y Claud Computing/Modulo 1/Ejercicios/Reto-Latencia-Minima/harness/resultados/resultados-B-3.csv

=== resultados-B-3 ===
  n              1,000,000
  mín                    7.38 µs
  p50                   13.33 µs
  p90                   14.04 µs
  p99                   16.96 µs
  p99.9                 20.67 µs
  p99.99                36.25 µs
  máx                  133.38 µs
  desv. est.             1.30 µs
  media                 13.27 µs   <- NO usar como métrica principal
  ¿p99.9 < 1 ms?           SÍ

  histograma (log, 10 cubos/década) — resultados-B-3
        6.310 µs |                                                                370 ( 0.04%)
        7.943 µs | ##                                                          23,437 ( 2.34%)
       10.000 µs | ########                                                   118,154 (11.82%)
       12.589 µs | ########################################################   834,289 (83.43%)
       15.849 µs | #                                                           22,221 ( 2.22%)
       19.953 µs |                                                              1,352 ( 0.14%)
       25.119 µs |                                                                 68 ( 0.01%)
       31.623 µs |                                                                 28 ( 0.00%)
       39.811 µs |                                                                 27 ( 0.00%)
       50.119 µs |                                                                 17 ( 0.00%)
       63.096 µs |                                                                 14 ( 0.00%)
       79.433 µs |                                                                 15 ( 0.00%)
      100.000 µs |                                                                  7 ( 0.00%)
      125.893 µs |                                                                  1 ( 0.00%)
