fecha:     2026-09-14T12:21:53-05:00
host:      Darwin Mac-mini.local 25.6.0 Darwin Kernel Version 25.6.0: Fri Jul 31 19:11:03 PDT 2026; root:xnu-12377.161.14~5/RELEASE_ARM64_T8132 arm64
cpu:       Apple M4
nucleos:   10
python:    Python 3.13.5
compilador: Apple clang version 21.0.0 (clang-2100.3.34.2)
variante:  Bc   ronda: 1
args:      --warmup 100000 --iters 1000000
---
compilando Bc...
make: Nothing to be done for `all'.
ejecutable: /Users/danny/Documents/2026/Diplomado Arquitectura de Software y Claud Computing/Modulo 1/Ejercicios/Reto-Latencia-Minima/harness/control-Bc-tcp-c/server
[servidor Bc] tabla '/Users/danny/Documents/2026/Diplomado Arquitectura de Software y Claud Computing/Modulo 1/Ejercicios/Reto-Latencia-Minima/harness/tabla-hosts.csv': 16 hosts (10 locales, 6 externos), 64 B = 1 linea(s) de cache
[servidor Bc] escuchando en 127.0.0.1:9111, payload=32B (control: TCP en C)
[cliente Bc] tabla '/Users/danny/Documents/2026/Diplomado Arquitectura de Software y Claud Computing/Modulo 1/Ejercicios/Reto-Latencia-Minima/harness/tabla-hosts.csv': 16 hosts (10 locales, 6 externos), 64 B = 1 linea(s) de cache
[servidor Bc] conexion aceptada
[cliente Bc] reloj: granularidad=41 ns  sobrecoste(par de lecturas) p50=0 ns p99=42 ns  deltas-cero=75.3%
[cliente Bc] autoprueba OK: 16 hosts de tabla + 1 desconocido
[cliente Bc] warmup 100000 iteraciones...
[cliente Bc] midiendo 1000000 iteraciones...
[servidor Bc] conexion cerrada
[cliente Bc] integridad OK: 1000000/1000000 intercambios completos
[cliente Bc] 1000000 muestras -> /Users/danny/Documents/2026/Diplomado Arquitectura de Software y Claud Computing/Modulo 1/Ejercicios/Reto-Latencia-Minima/harness/resultados/resultados-Bc-1.csv

=== resultados-Bc-1 ===
  n              1,000,000
  mín                    6.46 µs
  p50                   11.62 µs
  p90                   13.71 µs
  p99                   15.75 µs
  p99.9                 19.00 µs
  p99.99                32.04 µs
  máx                  111.21 µs
  desv. est.             1.77 µs
  media                 11.58 µs   <- NO usar como métrica principal
  ¿p99.9 < 1 ms?           SÍ

  histograma (log, 10 cubos/década) — resultados-Bc-1
        6.310 µs | ###                                                         30,272 ( 3.03%)
        7.943 µs | #############                                              126,770 (12.68%)
       10.000 µs | ########################################################   565,783 (56.58%)
       12.589 µs | ###########################                                267,960 (26.80%)
       15.849 µs | #                                                            8,630 ( 0.86%)
       19.953 µs |                                                                447 ( 0.04%)
       25.119 µs |                                                                 36 ( 0.00%)
       31.623 µs |                                                                 30 ( 0.00%)
       39.811 µs |                                                                 24 ( 0.00%)
       50.119 µs |                                                                 16 ( 0.00%)
       63.096 µs |                                                                 13 ( 0.00%)
       79.433 µs |                                                                 17 ( 0.00%)
      100.000 µs |                                                                  2 ( 0.00%)
