fecha:     2026-09-24T15:00:44-05:00
host:      Darwin Mac-mini.local 25.6.0 Darwin Kernel Version 25.6.0: Fri Jul 31 19:11:03 PDT 2026; root:xnu-12377.161.14~5/RELEASE_ARM64_T8132 arm64
cpu:       Apple M4
nucleos:   10
python:    Python 3.13.5
compilador: Apple clang version 21.0.0 (clang-2100.3.34.2)
variante:  tcp-python   ronda: 3
args:      --warmup 100000 --iters 1000000
---
ejecutable: python3 /Users/danny/Documents/2026/Diplomado Arquitectura de Software y Claud Computing/Modulo 1/Ejercicios/Reto-Latencia-Minima/reto-latencia-group2/sistema/tcp-python/server.py
[cliente B] tabla '/Users/danny/Documents/2026/Diplomado Arquitectura de Software y Claud Computing/Modulo 1/Ejercicios/Reto-Latencia-Minima/reto-latencia-group2/sistema/tabla-hosts.csv': 16 hosts (10 locales, 6 externos) — dict, no barrido; ver docstring
[cliente B] midiendo 1,000,000 iteraciones x 1 hilo(s) en 100 lote(s) de 10,000…
[servidor B] tabla '/Users/danny/Documents/2026/Diplomado Arquitectura de Software y Claud Computing/Modulo 1/Ejercicios/Reto-Latencia-Minima/reto-latencia-group2/sistema/tabla-hosts.csv': 16 hosts (10 locales, 6 externos) — dict, no barrido; ver docstring
[servidor B] escuchando en 127.0.0.1:9101, payload=32B
[servidor B] HILOS vivos=1 atendidas=1 conexión de ('127.0.0.1', 56204)
[cliente B] autoprueba OK: 16 hosts de tabla + 1 desconocido
[cliente B] PROGRESO hilos=1/1 lotes=0/100 iters_por_lote=10000
[cliente B] PROGRESO hilos=1/1 lotes=0/100 iters_por_lote=10000
[cliente B] PROGRESO hilos=1/1 lotes=0/100 iters_por_lote=10000
[cliente B] PROGRESO hilos=1/1 lotes=0/100 iters_por_lote=10000
[cliente B] PROGRESO hilos=1/1 lotes=3/100 iters_por_lote=10000
[cliente B] PROGRESO hilos=1/1 lotes=5/100 iters_por_lote=10000
[cliente B] PROGRESO hilos=1/1 lotes=8/100 iters_por_lote=10000
[cliente B] PROGRESO hilos=1/1 lotes=10/100 iters_por_lote=10000
[cliente B] PROGRESO hilos=1/1 lotes=11/100 iters_por_lote=10000
[cliente B] PROGRESO hilos=1/1 lotes=13/100 iters_por_lote=10000
[cliente B] PROGRESO hilos=1/1 lotes=15/100 iters_por_lote=10000
[cliente B] PROGRESO hilos=1/1 lotes=18/100 iters_por_lote=10000
[cliente B] PROGRESO hilos=1/1 lotes=20/100 iters_por_lote=10000
[cliente B] PROGRESO hilos=1/1 lotes=23/100 iters_por_lote=10000
[cliente B] PROGRESO hilos=1/1 lotes=26/100 iters_por_lote=10000
[cliente B] PROGRESO hilos=1/1 lotes=28/100 iters_por_lote=10000
[cliente B] PROGRESO hilos=1/1 lotes=31/100 iters_por_lote=10000
[cliente B] PROGRESO hilos=1/1 lotes=33/100 iters_por_lote=10000
[cliente B] PROGRESO hilos=1/1 lotes=36/100 iters_por_lote=10000
[cliente B] PROGRESO hilos=1/1 lotes=38/100 iters_por_lote=10000
[cliente B] PROGRESO hilos=1/1 lotes=41/100 iters_por_lote=10000
[cliente B] PROGRESO hilos=1/1 lotes=44/100 iters_por_lote=10000
[cliente B] PROGRESO hilos=1/1 lotes=46/100 iters_por_lote=10000
[cliente B] PROGRESO hilos=1/1 lotes=49/100 iters_por_lote=10000
[cliente B] PROGRESO hilos=1/1 lotes=51/100 iters_por_lote=10000
[cliente B] PROGRESO hilos=1/1 lotes=54/100 iters_por_lote=10000
[cliente B] PROGRESO hilos=1/1 lotes=56/100 iters_por_lote=10000
[cliente B] PROGRESO hilos=1/1 lotes=59/100 iters_por_lote=10000
[cliente B] PROGRESO hilos=1/1 lotes=62/100 iters_por_lote=10000
[cliente B] PROGRESO hilos=1/1 lotes=64/100 iters_por_lote=10000
[cliente B] PROGRESO hilos=1/1 lotes=67/100 iters_por_lote=10000
[cliente B] PROGRESO hilos=1/1 lotes=69/100 iters_por_lote=10000
[cliente B] PROGRESO hilos=1/1 lotes=72/100 iters_por_lote=10000
[cliente B] PROGRESO hilos=1/1 lotes=74/100 iters_por_lote=10000
[cliente B] PROGRESO hilos=1/1 lotes=77/100 iters_por_lote=10000
[cliente B] PROGRESO hilos=1/1 lotes=79/100 iters_por_lote=10000
[cliente B] PROGRESO hilos=1/1 lotes=82/100 iters_por_lote=10000
[cliente B] PROGRESO hilos=1/1 lotes=84/100 iters_por_lote=10000
[cliente B] PROGRESO hilos=1/1 lotes=87/100 iters_por_lote=10000
[cliente B] PROGRESO hilos=1/1 lotes=90/100 iters_por_lote=10000
[cliente B] PROGRESO hilos=1/1 lotes=92/100 iters_por_lote=10000
[cliente B] PROGRESO hilos=1/1 lotes=95/100 iters_por_lote=10000
[cliente B] PROGRESO hilos=1/1 lotes=98/100 iters_por_lote=10000
[servidor B] HILOS vivos=0 conexión cerrada
[cliente B] 1,000,000 muestras (1 hilo[s]) -> /Users/danny/Documents/2026/Diplomado Arquitectura de Software y Claud Computing/Modulo 1/Ejercicios/Reto-Latencia-Minima/reto-latencia-group2/sistema/resultados/resultados-tcp-python-3.csv
plataforma: Darwin/arm64 · Apple M4

=== resultados-tcp-python-3 ===
  n              1,000,000
  mín                    8.50 µs
  p50                   14.83 µs
  p90                   17.04 µs
  p99                   34.62 µs
  p99.9                 93.58 µs
  p99.99               942.42 µs
  máx               15,762.42 µs
  desv. est.            45.64 µs
  media                 15.82 µs   <- NO usar como métrica principal
  ¿p99.9 < 1 ms?           SÍ

  histograma (log, 10 cubos/década) — resultados-tcp-python-3
        7.943 µs | ###                                                         33,043 ( 3.30%)
       10.000 µs | ####                                                        50,514 ( 5.05%)
       12.589 µs | ########################################################   700,589 (70.06%)
       15.849 µs | ##############                                             172,147 (17.21%)
       19.953 µs | ##                                                          25,346 ( 2.53%)
       25.119 µs | #                                                            6,712 ( 0.67%)
       31.623 µs |                                                              4,011 ( 0.40%)
       39.811 µs |                                                              3,137 ( 0.31%)
       50.119 µs |                                                              1,997 ( 0.20%)
       63.096 µs |                                                              1,086 ( 0.11%)
       79.433 µs |                                                                546 ( 0.05%)
      100.000 µs |                                                                274 ( 0.03%)
      125.893 µs |                                                                146 ( 0.01%)
      158.489 µs |                                                                 88 ( 0.01%)
      199.526 µs |                                                                 81 ( 0.01%)
      251.189 µs |                                                                 62 ( 0.01%)
      316.228 µs |                                                                 37 ( 0.00%)
      398.107 µs |                                                                 26 ( 0.00%)
      501.187 µs |                                                                 23 ( 0.00%)
      630.957 µs |                                                                 26 ( 0.00%)
      794.328 µs |                                                                 11 ( 0.00%)
     1000.000 µs |                                                                 10 ( 0.00%)
     1258.925 µs |                                                                  7 ( 0.00%)
     1584.893 µs |                                                                 14 ( 0.00%)
     1995.262 µs |                                                                 10 ( 0.00%)
     2511.886 µs |                                                                 13 ( 0.00%)
     3162.278 µs |                                                                  9 ( 0.00%)
     3981.072 µs |                                                                 13 ( 0.00%)
     5011.872 µs |                                                                  9 ( 0.00%)
     6309.573 µs |                                                                  6 ( 0.00%)
     7943.282 µs |                                                                  4 ( 0.00%)
    10000.000 µs |                                                                  1 ( 0.00%)
    12589.254 µs |                                                                  2 ( 0.00%)
