fecha:     2026-09-14T12:23:20-05:00
host:      Darwin Mac-mini.local 25.6.0 Darwin Kernel Version 25.6.0: Fri Jul 31 19:11:03 PDT 2026; root:xnu-12377.161.14~5/RELEASE_ARM64_T8132 arm64
cpu:       Apple M4
nucleos:   10
python:    Python 3.13.5
compilador: Apple clang version 21.0.0 (clang-2100.3.34.2)
variante:  E   ronda: 0
args:      --destino 1.1.1.1 --warmup 20 --iters 300 --timeout-ms 3000
---
compilando E...
make: Nothing to be done for `all'.
ejecutable: /Users/danny/Documents/2026/Diplomado Arquitectura de Software y Claud Computing/Modulo 1/Ejercicios/Reto-Latencia-Minima/harness/variante-E-icmp/client  (sin servidor: responde el kernel)
[cliente E] reloj: granularidad=41 ns  sobrecoste(par de lecturas) p50=0 ns p99=42 ns  deltas-cero=75.7%
[cliente E] ICMP echo hacia 1.1.1.1, payload=32B (paquete ICMP=40B)
[cliente E] AVISO: quien responde es el KERNEL, no un proceso nuestro.
            Esta variante NO clasifica y NO cumple el enunciado. Es linea base.
[cliente E] midiendo 300 iteraciones...
[cliente E] 300 muestras -> /Users/danny/Documents/2026/Diplomado Arquitectura de Software y Claud Computing/Modulo 1/Ejercicios/Reto-Latencia-Minima/harness/resultados/resultados-E-0.csv

=== resultados-E-0 ===
  n              300
  mín               11,943.33 µs
  p50               16,984.00 µs
  p90               34,759.71 µs
  p99               49,896.12 µs
  p99.9             52,111.33 µs
  p99.99            52,111.33 µs
  máx               52,111.33 µs
  desv. est.         8,079.91 µs
  media             20,652.09 µs   <- NO usar como métrica principal
  ¿p99.9 < 1 ms?           NO

  histograma (log, 10 cubos/década) — resultados-E-0
    10000.000 µs | #                                                                2 ( 0.67%)
    12589.254 µs | ##########                                                      33 (11.00%)
    15848.932 µs | ########################################################       190 (63.33%)
    19952.623 µs | ######                                                          19 ( 6.33%)
    25118.864 µs | #####                                                           16 ( 5.33%)
    31622.777 µs | ########                                                        27 ( 9.00%)
    39810.717 µs | ###                                                             11 ( 3.67%)
    50118.723 µs | #                                                                2 ( 0.67%)
