fecha:     2026-09-24T15:00:06-05:00
host:      Darwin Mac-mini.local 25.6.0 Darwin Kernel Version 25.6.0: Fri Jul 31 19:11:03 PDT 2026; root:xnu-12377.161.14~5/RELEASE_ARM64_T8132 arm64
cpu:       Apple M4
nucleos:   10
python:    Python 3.13.5
compilador: Apple clang version 21.0.0 (clang-2100.3.34.2)
variante:  tcp-python   ronda: 1
args:      --warmup 100000 --iters 1000000
---
ejecutable: python3 /Users/danny/Documents/2026/Diplomado Arquitectura de Software y Claud Computing/Modulo 1/Ejercicios/Reto-Latencia-Minima/reto-latencia-group2/sistema/tcp-python/server.py
[cliente B] tabla '/Users/danny/Documents/2026/Diplomado Arquitectura de Software y Claud Computing/Modulo 1/Ejercicios/Reto-Latencia-Minima/reto-latencia-group2/sistema/tabla-hosts.csv': 16 hosts (10 locales, 6 externos) — dict, no barrido; ver docstring
[cliente B] midiendo 1,000,000 iteraciones x 1 hilo(s) en 100 lote(s) de 10,000…
[servidor B] tabla '/Users/danny/Documents/2026/Diplomado Arquitectura de Software y Claud Computing/Modulo 1/Ejercicios/Reto-Latencia-Minima/reto-latencia-group2/sistema/tabla-hosts.csv': 16 hosts (10 locales, 6 externos) — dict, no barrido; ver docstring
[servidor B] escuchando en 127.0.0.1:9101, payload=32B
[servidor B] HILOS vivos=1 atendidas=1 conexión de ('127.0.0.1', 56137)
[cliente B] autoprueba OK: 16 hosts de tabla + 1 desconocido
[cliente B] PROGRESO hilos=1/1 lotes=0/100 iters_por_lote=10000
[cliente B] PROGRESO hilos=1/1 lotes=0/100 iters_por_lote=10000
[cliente B] PROGRESO hilos=1/1 lotes=0/100 iters_por_lote=10000
[cliente B] PROGRESO hilos=1/1 lotes=0/100 iters_por_lote=10000
[cliente B] PROGRESO hilos=1/1 lotes=1/100 iters_por_lote=10000
[cliente B] PROGRESO hilos=1/1 lotes=4/100 iters_por_lote=10000
[cliente B] PROGRESO hilos=1/1 lotes=6/100 iters_por_lote=10000
[cliente B] PROGRESO hilos=1/1 lotes=9/100 iters_por_lote=10000
[cliente B] PROGRESO hilos=1/1 lotes=11/100 iters_por_lote=10000
[cliente B] PROGRESO hilos=1/1 lotes=14/100 iters_por_lote=10000
[cliente B] PROGRESO hilos=1/1 lotes=16/100 iters_por_lote=10000
[cliente B] PROGRESO hilos=1/1 lotes=18/100 iters_por_lote=10000
[cliente B] PROGRESO hilos=1/1 lotes=21/100 iters_por_lote=10000
[cliente B] PROGRESO hilos=1/1 lotes=24/100 iters_por_lote=10000
[cliente B] PROGRESO hilos=1/1 lotes=26/100 iters_por_lote=10000
[cliente B] PROGRESO hilos=1/1 lotes=28/100 iters_por_lote=10000
[cliente B] PROGRESO hilos=1/1 lotes=31/100 iters_por_lote=10000
[cliente B] PROGRESO hilos=1/1 lotes=33/100 iters_por_lote=10000
[cliente B] PROGRESO hilos=1/1 lotes=35/100 iters_por_lote=10000
[cliente B] PROGRESO hilos=1/1 lotes=37/100 iters_por_lote=10000
[cliente B] PROGRESO hilos=1/1 lotes=40/100 iters_por_lote=10000
[cliente B] PROGRESO hilos=1/1 lotes=42/100 iters_por_lote=10000
[cliente B] PROGRESO hilos=1/1 lotes=45/100 iters_por_lote=10000
[cliente B] PROGRESO hilos=1/1 lotes=47/100 iters_por_lote=10000
[cliente B] PROGRESO hilos=1/1 lotes=49/100 iters_por_lote=10000
[cliente B] PROGRESO hilos=1/1 lotes=52/100 iters_por_lote=10000
[cliente B] PROGRESO hilos=1/1 lotes=54/100 iters_por_lote=10000
[cliente B] PROGRESO hilos=1/1 lotes=56/100 iters_por_lote=10000
[cliente B] PROGRESO hilos=1/1 lotes=59/100 iters_por_lote=10000
[cliente B] PROGRESO hilos=1/1 lotes=61/100 iters_por_lote=10000
[cliente B] PROGRESO hilos=1/1 lotes=64/100 iters_por_lote=10000
[cliente B] PROGRESO hilos=1/1 lotes=67/100 iters_por_lote=10000
[cliente B] PROGRESO hilos=1/1 lotes=69/100 iters_por_lote=10000
[cliente B] PROGRESO hilos=1/1 lotes=71/100 iters_por_lote=10000
[cliente B] PROGRESO hilos=1/1 lotes=74/100 iters_por_lote=10000
[cliente B] PROGRESO hilos=1/1 lotes=77/100 iters_por_lote=10000
[cliente B] PROGRESO hilos=1/1 lotes=79/100 iters_por_lote=10000
[cliente B] PROGRESO hilos=1/1 lotes=82/100 iters_por_lote=10000
[cliente B] PROGRESO hilos=1/1 lotes=84/100 iters_por_lote=10000
[cliente B] PROGRESO hilos=1/1 lotes=87/100 iters_por_lote=10000
[cliente B] PROGRESO hilos=1/1 lotes=90/100 iters_por_lote=10000
[cliente B] PROGRESO hilos=1/1 lotes=93/100 iters_por_lote=10000
[cliente B] PROGRESO hilos=1/1 lotes=95/100 iters_por_lote=10000
[cliente B] PROGRESO hilos=1/1 lotes=98/100 iters_por_lote=10000
[servidor B] HILOS vivos=0 conexión cerrada
[cliente B] 1,000,000 muestras (1 hilo[s]) -> /Users/danny/Documents/2026/Diplomado Arquitectura de Software y Claud Computing/Modulo 1/Ejercicios/Reto-Latencia-Minima/reto-latencia-group2/sistema/resultados/resultados-tcp-python-1.csv
plataforma: Darwin/arm64 · Apple M4

=== resultados-tcp-python-1 ===
  n              1,000,000
  mín                    7.62 µs
  p50                   15.04 µs
  p90                   17.96 µs
  p99                   47.00 µs
  p99.9                107.00 µs
  p99.99               455.12 µs
  máx               15,635.25 µs
  desv. est.            24.36 µs
  media                 16.06 µs   <- NO usar como métrica principal
  ¿p99.9 < 1 ms?           SÍ

  histograma (log, 10 cubos/década) — resultados-tcp-python-1
        6.310 µs |                                                                 23 ( 0.00%)
        7.943 µs | #####                                                       55,645 ( 5.56%)
       10.000 µs | #####                                                       54,174 ( 5.42%)
       12.589 µs | ########################################################   618,366 (61.84%)
       15.849 µs | ###################                                        205,504 (20.55%)
       19.953 µs | ###                                                         32,399 ( 3.24%)
       25.119 µs | #                                                           11,199 ( 1.12%)
       31.623 µs | #                                                            7,911 ( 0.79%)
       39.811 µs | #                                                            6,401 ( 0.64%)
       50.119 µs |                                                              4,067 ( 0.41%)
       63.096 µs |                                                              2,033 ( 0.20%)
       79.433 µs |                                                              1,108 ( 0.11%)
      100.000 µs |                                                                503 ( 0.05%)
      125.893 µs |                                                                232 ( 0.02%)
      158.489 µs |                                                                122 ( 0.01%)
      199.526 µs |                                                                 84 ( 0.01%)
      251.189 µs |                                                                 51 ( 0.01%)
      316.228 µs |                                                                 58 ( 0.01%)
      398.107 µs |                                                                 31 ( 0.00%)
      501.187 µs |                                                                 27 ( 0.00%)
      630.957 µs |                                                                 14 ( 0.00%)
      794.328 µs |                                                                 14 ( 0.00%)
     1000.000 µs |                                                                 12 ( 0.00%)
     1258.925 µs |                                                                  6 ( 0.00%)
     1584.893 µs |                                                                  3 ( 0.00%)
     1995.262 µs |                                                                  1 ( 0.00%)
     2511.886 µs |                                                                  3 ( 0.00%)
     3162.278 µs |                                                                  4 ( 0.00%)
     3981.072 µs |                                                                  2 ( 0.00%)
     5011.872 µs |                                                                  1 ( 0.00%)
     6309.573 µs |                                                                  0 ( 0.00%)
     7943.282 µs |                                                                  1 ( 0.00%)
    10000.000 µs |                                                                  0 ( 0.00%)
    12589.254 µs |                                                                  1 ( 0.00%)
