fecha:     2026-09-14T12:22:26-05:00
host:      Darwin Mac-mini.local 25.6.0 Darwin Kernel Version 25.6.0: Fri Jul 31 19:11:03 PDT 2026; root:xnu-12377.161.14~5/RELEASE_ARM64_T8132 arm64
cpu:       Apple M4
nucleos:   10
python:    Python 3.13.5
compilador: Apple clang version 21.0.0 (clang-2100.3.34.2)
variante:  Bc   ronda: 2
args:      --warmup 100000 --iters 1000000
---
compilando Bc...
make: Nothing to be done for `all'.
ejecutable: /Users/danny/Documents/2026/Diplomado Arquitectura de Software y Claud Computing/Modulo 1/Ejercicios/Reto-Latencia-Minima/harness/control-Bc-tcp-c/server
[servidor Bc] tabla '/Users/danny/Documents/2026/Diplomado Arquitectura de Software y Claud Computing/Modulo 1/Ejercicios/Reto-Latencia-Minima/harness/tabla-hosts.csv': 16 hosts (10 locales, 6 externos), 64 B = 1 linea(s) de cache
[servidor Bc] escuchando en 127.0.0.1:9111, payload=32B (control: TCP en C)
[cliente Bc] tabla '/Users/danny/Documents/2026/Diplomado Arquitectura de Software y Claud Computing/Modulo 1/Ejercicios/Reto-Latencia-Minima/harness/tabla-hosts.csv': 16 hosts (10 locales, 6 externos), 64 B = 1 linea(s) de cache
[servidor Bc] conexion aceptada
[cliente Bc] reloj: granularidad=41 ns  sobrecoste(par de lecturas) p50=0 ns p99=42 ns  deltas-cero=77.2%
[cliente Bc] autoprueba OK: 16 hosts de tabla + 1 desconocido
[cliente Bc] warmup 100000 iteraciones...
[cliente Bc] midiendo 1000000 iteraciones...
[servidor Bc] conexion cerrada
[cliente Bc] integridad OK: 1000000/1000000 intercambios completos
[cliente Bc] 1000000 muestras -> /Users/danny/Documents/2026/Diplomado Arquitectura de Software y Claud Computing/Modulo 1/Ejercicios/Reto-Latencia-Minima/harness/resultados/resultados-Bc-2.csv

=== resultados-Bc-2 ===
  n              1,000,000
  mín                    6.42 µs
  p50                   11.54 µs
  p90                   13.75 µs
  p99                   16.00 µs
  p99.9                 30.12 µs
  p99.99                66.79 µs
  máx                  153.62 µs
  desv. est.             2.08 µs
  media                 11.64 µs   <- NO usar como métrica principal
  ¿p99.9 < 1 ms?           SÍ

  histograma (log, 10 cubos/década) — resultados-Bc-2
        6.310 µs | ##                                                          23,087 ( 2.31%)
        7.943 µs | ############                                               126,247 (12.62%)
       10.000 µs | ########################################################   571,053 (57.11%)
       12.589 µs | ##########################                                 268,574 (26.86%)
       15.849 µs | #                                                            8,239 ( 0.82%)
       19.953 µs |                                                              1,172 ( 0.12%)
       25.119 µs |                                                                759 ( 0.08%)
       31.623 µs |                                                                454 ( 0.05%)
       39.811 µs |                                                                194 ( 0.02%)
       50.119 µs |                                                                103 ( 0.01%)
       63.096 µs |                                                                 73 ( 0.01%)
       79.433 µs |                                                                 30 ( 0.00%)
      100.000 µs |                                                                  8 ( 0.00%)
      125.893 µs |                                                                  7 ( 0.00%)
