fecha:     2026-09-14T12:27:42-05:00
host:      Darwin Mac-mini.local 25.6.0 Darwin Kernel Version 25.6.0: Fri Jul 31 19:11:03 PDT 2026; root:xnu-12377.161.14~5/RELEASE_ARM64_T8132 arm64
cpu:       Apple M4
nucleos:   10
python:    Python 3.13.5
compilador: Apple clang version 21.0.0 (clang-2100.3.34.2)
variante:  E   ronda: 9
args:      --destino 127.0.0.1 --warmup 500 --iters 5000
---
compilando E...
cc -std=c11 -O2 -Wall -Wextra -o client client.c
ejecutable: /Users/danny/Documents/2026/Diplomado Arquitectura de Software y Claud Computing/Modulo 1/Ejercicios/Reto-Latencia-Minima/harness/variante-E-icmp/client  (sin servidor: responde el kernel)
[cliente E] reloj: granularidad=41 ns  sobrecoste(par de lecturas) p50=0 ns p99=42 ns  deltas-cero=66.7%
[cliente E] ICMP echo hacia 127.0.0.1, payload=32B (paquete ICMP=40B)
[cliente E] AVISO: quien responde es el KERNEL, no un proceso nuestro.
            Esta variante NO clasifica y NO cumple el enunciado. Es linea base.
[cliente E] midiendo 5000 iteraciones...
[cliente E] 5000 muestras -> /Users/danny/Documents/2026/Diplomado Arquitectura de Software y Claud Computing/Modulo 1/Ejercicios/Reto-Latencia-Minima/harness/resultados/resultados-E-9.csv

=== resultados-E-9 ===
  n              5,000
  mín                    6.12 µs
  p50                    9.00 µs
  p90                   16.50 µs
  p99                   34.17 µs
  p99.9                 63.46 µs
  p99.99                79.96 µs
  máx                   79.96 µs
  desv. est.             5.97 µs
  media                 11.30 µs   <- NO usar como métrica principal
  ¿p99.9 < 1 ms?           SÍ

  histograma (log, 10 cubos/década) — resultados-E-9
        5.012 µs |                                                                  3 ( 0.06%)
        6.310 µs | ###################                                            783 (15.66%)
        7.943 µs | ########################################################     2,313 (46.26%)
       10.000 µs | ###################                                            803 (16.06%)
       12.589 µs | #############                                                  541 (10.82%)
       15.849 µs | #####                                                          198 ( 3.96%)
       19.953 µs | ##                                                              86 ( 1.72%)
       25.119 µs | ####                                                           154 ( 3.08%)
       31.623 µs | ###                                                            107 ( 2.14%)
       39.811 µs |                                                                  2 ( 0.04%)
       50.119 µs |                                                                  5 ( 0.10%)
       63.096 µs |                                                                  3 ( 0.06%)
       79.433 µs |                                                                  2 ( 0.04%)
