fecha:     2026-09-14T12:22:09-05:00
host:      Darwin Mac-mini.local 25.6.0 Darwin Kernel Version 25.6.0: Fri Jul 31 19:11:03 PDT 2026; root:xnu-12377.161.14~5/RELEASE_ARM64_T8132 arm64
cpu:       Apple M4
nucleos:   10
python:    Python 3.13.5
compilador: Apple clang version 21.0.0 (clang-2100.3.34.2)
variante:  B   ronda: 2
args:      --warmup 100000 --iters 1000000
---
ejecutable: python3 /Users/danny/Documents/2026/Diplomado Arquitectura de Software y Claud Computing/Modulo 1/Ejercicios/Reto-Latencia-Minima/harness/variante-B-tcp/server.py
[cliente B] tabla '/Users/danny/Documents/2026/Diplomado Arquitectura de Software y Claud Computing/Modulo 1/Ejercicios/Reto-Latencia-Minima/harness/tabla-hosts.csv': 16 hosts (10 locales, 6 externos) — dict, no barrido; ver docstring
[servidor B] tabla '/Users/danny/Documents/2026/Diplomado Arquitectura de Software y Claud Computing/Modulo 1/Ejercicios/Reto-Latencia-Minima/harness/tabla-hosts.csv': 16 hosts (10 locales, 6 externos) — dict, no barrido; ver docstring
[servidor B] escuchando en 127.0.0.1:9101, payload=32B
[servidor B] conexión de ('127.0.0.1', 55690)
[cliente B] autoprueba OK: 16 hosts de tabla + 1 desconocido
[cliente B] warmup 100,000 iteraciones…
[cliente B] midiendo 1,000,000 iteraciones…
[servidor B] conexión cerrada
[cliente B] 1,000,000 muestras -> /Users/danny/Documents/2026/Diplomado Arquitectura de Software y Claud Computing/Modulo 1/Ejercicios/Reto-Latencia-Minima/harness/resultados/resultados-B-2.csv

=== resultados-B-2 ===
  n              1,000,000
  mín                    7.21 µs
  p50                   13.38 µs
  p90                   14.29 µs
  p99                   19.25 µs
  p99.9                 38.96 µs
  p99.99                76.25 µs
  máx                  344.88 µs
  desv. est.             2.52 µs
  media                 13.21 µs   <- NO usar como métrica principal
  ¿p99.9 < 1 ms?           SÍ

  histograma (log, 10 cubos/década) — resultados-B-2
        6.310 µs |                                                              2,907 ( 0.29%)
        7.943 µs | ######                                                      75,044 ( 7.50%)
       10.000 µs | #########                                                  126,167 (12.62%)
       12.589 µs | ########################################################   761,208 (76.12%)
       15.849 µs | ##                                                          25,788 ( 2.58%)
       19.953 µs |                                                              3,312 ( 0.33%)
       25.119 µs |                                                              3,003 ( 0.30%)
       31.623 µs |                                                              1,692 ( 0.17%)
       39.811 µs |                                                                518 ( 0.05%)
       50.119 µs |                                                                181 ( 0.02%)
       63.096 µs |                                                                 93 ( 0.01%)
       79.433 µs |                                                                 43 ( 0.00%)
      100.000 µs |                                                                 30 ( 0.00%)
      125.893 µs |                                                                  8 ( 0.00%)
      158.489 µs |                                                                  3 ( 0.00%)
      199.526 µs |                                                                  1 ( 0.00%)
      251.189 µs |                                                                  0 ( 0.00%)
      316.228 µs |                                                                  2 ( 0.00%)
