fecha:     2026-09-24T15:00:25-05:00
host:      Darwin Mac-mini.local 25.6.0 Darwin Kernel Version 25.6.0: Fri Jul 31 19:11:03 PDT 2026; root:xnu-12377.161.14~5/RELEASE_ARM64_T8132 arm64
cpu:       Apple M4
nucleos:   10
python:    Python 3.13.5
compilador: Apple clang version 21.0.0 (clang-2100.3.34.2)
variante:  tcp-python   ronda: 2
args:      --warmup 100000 --iters 1000000
---
ejecutable: python3 /Users/danny/Documents/2026/Diplomado Arquitectura de Software y Claud Computing/Modulo 1/Ejercicios/Reto-Latencia-Minima/reto-latencia-group2/sistema/tcp-python/server.py
[cliente B] tabla '/Users/danny/Documents/2026/Diplomado Arquitectura de Software y Claud Computing/Modulo 1/Ejercicios/Reto-Latencia-Minima/reto-latencia-group2/sistema/tabla-hosts.csv': 16 hosts (10 locales, 6 externos) — dict, no barrido; ver docstring
[cliente B] midiendo 1,000,000 iteraciones x 1 hilo(s) en 100 lote(s) de 10,000…
[servidor B] tabla '/Users/danny/Documents/2026/Diplomado Arquitectura de Software y Claud Computing/Modulo 1/Ejercicios/Reto-Latencia-Minima/reto-latencia-group2/sistema/tabla-hosts.csv': 16 hosts (10 locales, 6 externos) — dict, no barrido; ver docstring
[servidor B] escuchando en 127.0.0.1:9101, payload=32B
[servidor B] HILOS vivos=1 atendidas=1 conexión de ('127.0.0.1', 56182)
[cliente B] autoprueba OK: 16 hosts de tabla + 1 desconocido
[cliente B] PROGRESO hilos=1/1 lotes=0/100 iters_por_lote=10000
[cliente B] PROGRESO hilos=1/1 lotes=0/100 iters_por_lote=10000
[cliente B] PROGRESO hilos=1/1 lotes=0/100 iters_por_lote=10000
[cliente B] PROGRESO hilos=1/1 lotes=0/100 iters_por_lote=10000
[cliente B] PROGRESO hilos=1/1 lotes=3/100 iters_por_lote=10000
[cliente B] PROGRESO hilos=1/1 lotes=5/100 iters_por_lote=10000
[cliente B] PROGRESO hilos=1/1 lotes=8/100 iters_por_lote=10000
[cliente B] PROGRESO hilos=1/1 lotes=11/100 iters_por_lote=10000
[cliente B] PROGRESO hilos=1/1 lotes=13/100 iters_por_lote=10000
[cliente B] PROGRESO hilos=1/1 lotes=16/100 iters_por_lote=10000
[cliente B] PROGRESO hilos=1/1 lotes=18/100 iters_por_lote=10000
[cliente B] PROGRESO hilos=1/1 lotes=21/100 iters_por_lote=10000
[cliente B] PROGRESO hilos=1/1 lotes=24/100 iters_por_lote=10000
[cliente B] PROGRESO hilos=1/1 lotes=26/100 iters_por_lote=10000
[cliente B] PROGRESO hilos=1/1 lotes=29/100 iters_por_lote=10000
[cliente B] PROGRESO hilos=1/1 lotes=31/100 iters_por_lote=10000
[cliente B] PROGRESO hilos=1/1 lotes=34/100 iters_por_lote=10000
[cliente B] PROGRESO hilos=1/1 lotes=36/100 iters_por_lote=10000
[cliente B] PROGRESO hilos=1/1 lotes=39/100 iters_por_lote=10000
[cliente B] PROGRESO hilos=1/1 lotes=42/100 iters_por_lote=10000
[cliente B] PROGRESO hilos=1/1 lotes=44/100 iters_por_lote=10000
[cliente B] PROGRESO hilos=1/1 lotes=47/100 iters_por_lote=10000
[cliente B] PROGRESO hilos=1/1 lotes=49/100 iters_por_lote=10000
[cliente B] PROGRESO hilos=1/1 lotes=52/100 iters_por_lote=10000
[cliente B] PROGRESO hilos=1/1 lotes=54/100 iters_por_lote=10000
[cliente B] PROGRESO hilos=1/1 lotes=57/100 iters_por_lote=10000
[cliente B] PROGRESO hilos=1/1 lotes=59/100 iters_por_lote=10000
[cliente B] PROGRESO hilos=1/1 lotes=61/100 iters_por_lote=10000
[cliente B] PROGRESO hilos=1/1 lotes=63/100 iters_por_lote=10000
[cliente B] PROGRESO hilos=1/1 lotes=65/100 iters_por_lote=10000
[cliente B] PROGRESO hilos=1/1 lotes=67/100 iters_por_lote=10000
[cliente B] PROGRESO hilos=1/1 lotes=70/100 iters_por_lote=10000
[cliente B] PROGRESO hilos=1/1 lotes=72/100 iters_por_lote=10000
[cliente B] PROGRESO hilos=1/1 lotes=75/100 iters_por_lote=10000
[cliente B] PROGRESO hilos=1/1 lotes=77/100 iters_por_lote=10000
[cliente B] PROGRESO hilos=1/1 lotes=80/100 iters_por_lote=10000
[cliente B] PROGRESO hilos=1/1 lotes=82/100 iters_por_lote=10000
[cliente B] PROGRESO hilos=1/1 lotes=85/100 iters_por_lote=10000
[cliente B] PROGRESO hilos=1/1 lotes=87/100 iters_por_lote=10000
[cliente B] PROGRESO hilos=1/1 lotes=90/100 iters_por_lote=10000
[cliente B] PROGRESO hilos=1/1 lotes=92/100 iters_por_lote=10000
[cliente B] PROGRESO hilos=1/1 lotes=95/100 iters_por_lote=10000
[cliente B] PROGRESO hilos=1/1 lotes=97/100 iters_por_lote=10000
[servidor B] HILOS vivos=0 conexión cerrada
[cliente B] 1,000,000 muestras (1 hilo[s]) -> /Users/danny/Documents/2026/Diplomado Arquitectura de Software y Claud Computing/Modulo 1/Ejercicios/Reto-Latencia-Minima/reto-latencia-group2/sistema/resultados/resultados-tcp-python-2.csv
plataforma: Darwin/arm64 · Apple M4

=== resultados-tcp-python-2 ===
  n              1,000,000
  mín                    8.42 µs
  p50                   14.83 µs
  p90                   17.83 µs
  p99                   49.12 µs
  p99.9                112.75 µs
  p99.99               441.08 µs
  máx                5,386.25 µs
  desv. est.            16.36 µs
  media                 15.94 µs   <- NO usar como métrica principal
  ¿p99.9 < 1 ms?           SÍ

  histograma (log, 10 cubos/década) — resultados-tcp-python-2
        7.943 µs | #####                                                       62,601 ( 6.26%)
       10.000 µs | #####                                                       60,267 ( 6.03%)
       12.589 µs | ########################################################   640,973 (64.10%)
       15.849 µs | ###############                                            169,395 (16.94%)
       19.953 µs | ###                                                         31,155 ( 3.12%)
       25.119 µs | #                                                           11,135 ( 1.11%)
       31.623 µs | #                                                            8,184 ( 0.82%)
       39.811 µs | #                                                            6,800 ( 0.68%)
       50.119 µs |                                                              4,485 ( 0.45%)
       63.096 µs |                                                              2,378 ( 0.24%)
       79.433 µs |                                                              1,256 ( 0.13%)
      100.000 µs |                                                                593 ( 0.06%)
      125.893 µs |                                                                288 ( 0.03%)
      158.489 µs |                                                                168 ( 0.02%)
      199.526 µs |                                                                 90 ( 0.01%)
      251.189 µs |                                                                 71 ( 0.01%)
      316.228 µs |                                                                 48 ( 0.00%)
      398.107 µs |                                                                 32 ( 0.00%)
      501.187 µs |                                                                 22 ( 0.00%)
      630.957 µs |                                                                 13 ( 0.00%)
      794.328 µs |                                                                 14 ( 0.00%)
     1000.000 µs |                                                                  7 ( 0.00%)
     1258.925 µs |                                                                  5 ( 0.00%)
     1584.893 µs |                                                                  4 ( 0.00%)
     1995.262 µs |                                                                  4 ( 0.00%)
     2511.886 µs |                                                                  8 ( 0.00%)
     3162.278 µs |                                                                  3 ( 0.00%)
     3981.072 µs |                                                                  0 ( 0.00%)
     5011.872 µs |                                                                  1 ( 0.00%)
