fecha:     2026-09-14T12:27:41-05:00
host:      Darwin Mac-mini.local 25.6.0 Darwin Kernel Version 25.6.0: Fri Jul 31 19:11:03 PDT 2026; root:xnu-12377.161.14~5/RELEASE_ARM64_T8132 arm64
cpu:       Apple M4
nucleos:   10
python:    Python 3.13.5
compilador: Apple clang version 21.0.0 (clang-2100.3.34.2)
variante:  D   ronda: 9
args:      --warmup 5000 --iters 20000
---
compilando D...
cc -std=c11 -O2 -Wall -Wextra -pedantic -o server server.c 
cc -std=c11 -O2 -Wall -Wextra -pedantic -o client client.c 
ejecutable: /Users/danny/Documents/2026/Diplomado Arquitectura de Software y Claud Computing/Modulo 1/Ejercicios/Reto-Latencia-Minima/harness/variante-D-shm/server
[servidor D] tabla '/Users/danny/Documents/2026/Diplomado Arquitectura de Software y Claud Computing/Modulo 1/Ejercicios/Reto-Latencia-Minima/harness/tabla-hosts.csv': 16 hosts (10 locales, 6 externos), 64 B = 1 linea(s) de cache
[servidor D] shm=/latm-D-9103 payload=32B region=256B — girando (un nucleo al 100%)
[cliente D] tabla '/Users/danny/Documents/2026/Diplomado Arquitectura de Software y Claud Computing/Modulo 1/Ejercicios/Reto-Latencia-Minima/harness/tabla-hosts.csv': 16 hosts (10 locales, 6 externos), 64 B = 1 linea(s) de cache
[cliente D] piso de medicion (par de llamadas al reloj): min=0 ns  p50=0 ns  p99=42 ns
[cliente D] granularidad del reloj ~41.67 ns (contador de 24 MHz): las medidas
            individuales estan CUANTIZADAS en multiplos de ese valor. Reportarlo.
[cliente D] autoprueba OK: 16 hosts de tabla + 1 desconocido
[cliente D] warmup 5000 iteraciones...
[cliente D] midiendo 20000 iteraciones...
[cliente D] integridad OK: 20000/20000 respuestas correctas
[cliente D] contraste por lotes (1000 intercambios x 200 rondas): min=64 ns  mediana=65 ns  max=88 ns por intercambio
[cliente D] (media por lote: sin cola. Los percentiles salen de las muestras individuales del CSV.)
[cliente D] 20000 muestras -> /Users/danny/Documents/2026/Diplomado Arquitectura de Software y Claud Computing/Modulo 1/Ejercicios/Reto-Latencia-Minima/harness/resultados/resultados-D-9.csv
[servidor D] fin, 225017 peticiones atendidas

=== resultados-D-9 ===
  n              20,000
  mín                    0.00 µs
  p50                    0.08 µs
  p90                    0.08 µs
  p99                    0.12 µs
  p99.9                  0.12 µs
  p99.99                 0.21 µs
  máx                    0.21 µs
  desv. est.             0.02 µs
  media                  0.08 µs   <- NO usar como métrica principal
  ¿p99.9 < 1 ms?           SÍ

  histograma (log, 10 cubos/década) — resultados-D-9
        0.001 µs |                                                                  1 ( 0.01%)
        0.001 µs |                                                                  0 ( 0.00%)
        0.002 µs |                                                                  0 ( 0.00%)
        0.002 µs |                                                                  0 ( 0.00%)
        0.003 µs |                                                                  0 ( 0.00%)
        0.003 µs |                                                                  0 ( 0.00%)
        0.004 µs |                                                                  0 ( 0.00%)
        0.005 µs |                                                                  0 ( 0.00%)
        0.006 µs |                                                                  0 ( 0.00%)
        0.008 µs |                                                                  0 ( 0.00%)
        0.010 µs |                                                                  0 ( 0.00%)
        0.013 µs |                                                                  0 ( 0.00%)
        0.016 µs |                                                                  0 ( 0.00%)
        0.020 µs |                                                                  0 ( 0.00%)
        0.025 µs |                                                                  0 ( 0.00%)
        0.032 µs |                                                                  0 ( 0.00%)
        0.040 µs | #########                                                    2,860 (14.30%)
        0.050 µs |                                                                  0 ( 0.00%)
        0.063 µs |                                                                  0 ( 0.00%)
        0.079 µs | ########################################################    16,891 (84.45%)
        0.100 µs | #                                                              234 ( 1.17%)
        0.126 µs |                                                                  0 ( 0.00%)
        0.158 µs |                                                                 11 ( 0.06%)
        0.200 µs |                                                                  3 ( 0.01%)
