fecha:     2026-09-14T12:23:18-05:00
host:      Darwin Mac-mini.local 25.6.0 Darwin Kernel Version 25.6.0: Fri Jul 31 19:11:03 PDT 2026; root:xnu-12377.161.14~5/RELEASE_ARM64_T8132 arm64
cpu:       Apple M4
nucleos:   10
python:    Python 3.13.5
compilador: Apple clang version 21.0.0 (clang-2100.3.34.2)
variante:  E   ronda: 3
args:      --destino 127.0.0.1 --warmup 2000 --iters 50000
---
compilando E...
make: Nothing to be done for `all'.
ejecutable: /Users/danny/Documents/2026/Diplomado Arquitectura de Software y Claud Computing/Modulo 1/Ejercicios/Reto-Latencia-Minima/harness/variante-E-icmp/client  (sin servidor: responde el kernel)
[cliente E] reloj: granularidad=41 ns  sobrecoste(par de lecturas) p50=0 ns p99=42 ns  deltas-cero=75.3%
[cliente E] ICMP echo hacia 127.0.0.1, payload=32B (paquete ICMP=40B)
[cliente E] AVISO: quien responde es el KERNEL, no un proceso nuestro.
            Esta variante NO clasifica y NO cumple el enunciado. Es linea base.
[cliente E] midiendo 50000 iteraciones...
[cliente E] 50000 muestras -> /Users/danny/Documents/2026/Diplomado Arquitectura de Software y Claud Computing/Modulo 1/Ejercicios/Reto-Latencia-Minima/harness/resultados/resultados-E-3.csv

=== resultados-E-3 ===
  n              50,000
  mín                    5.25 µs
  p50                    9.62 µs
  p90                   10.92 µs
  p99                   11.88 µs
  p99.9                 14.50 µs
  p99.99                16.96 µs
  máx                   17.79 µs
  desv. est.             1.48 µs
  media                  9.31 µs   <- NO usar como métrica principal
  ¿p99.9 < 1 ms?           SÍ

  histograma (log, 10 cubos/década) — resultados-E-3
        5.012 µs | #                                                              357 ( 0.71%)
        6.310 µs | ###############################                             11,092 (22.18%)
        7.943 µs | ##################################################          18,134 (36.27%)
       10.000 µs | ########################################################    20,222 (40.44%)
       12.589 µs |                                                                176 ( 0.35%)
       15.849 µs |                                                                 19 ( 0.04%)
